// Jest Snapshot v1, https://goo.gl/fbAQLP

exports[`pruebas en <Navbar/> debe de mostrarse correctamente 1`] = `
<nav
  className="navbar navbar-expand-sm navbar-dark bg-dark"
>
  <a
    className="navbar-brand"
    onClick={[Function]}
    style={
      Object {
        "marginLeft": ".5rem",
      }
    }
  >
    Asociaciones
  </a>
  <div
    className="navbar-collapse"
  >
    <div
      className="navbar-nav"
    >
      <a
        aria-current={null}
        className="nav-item nav-link"
        onClick={[Function]}
      >
        Marvel
      </a>
      <a
        aria-current={null}
        className="nav-item nav-link"
        onClick={[Function]}
      >
        DC
      </a>
      <a
        aria-current={null}
        className="nav-item nav-link"
        onClick={[Function]}
      >
        Search
      </a>
    </div>
  </div>
  <ul
    className="navbar-nav "
  >
    <span
      className="nav-item nav-link text-info "
    >
       
      fabricio
       
    </span>
    <button
      className="nav-item nav-link btn "
      onClick={[Function]}
      style={
        Object {
          "marginRight": ".5rem",
        }
      }
      type="button"
    >
      Logout
    </button>
  </ul>
</nav>
`;
